Flow report for aes_uart_top
Mon Mar 23 10:26:10 2026
Quartus Prime Version 20.1.0 Build 711 06/05/2020 SJ Lite Edition


---------------------
; Table of Contents ;
---------------------
  1. Legal Notice
  2. Flow Summary
  3. Flow Settings
  4. Flow Non-Default Global Settings
  5. Flow Elapsed Time
  6. Flow OS Summary
  7. Flow Log
  8. Flow Messages
  9. Flow Suppressed Messages



----------------
; Legal Notice ;
----------------
Copyright (C) 2020  Intel Corporation. All rights reserved.
Your use of Intel Corporation's design tools, logic functions 
and other software and tools, and any partner logic 
functions, and any output files from any of the foregoing 
(including device programming or simulation files), and any 
associated documentation or information are expressly subject 
to the terms and conditions of the Intel Program License 
Subscription Agreement, the Intel Quartus Prime License Agreement,
the Intel FPGA IP License Agreement, or other applicable license
agreement, including, without limitation, that your use is for
the sole purpose of programming logic devices manufactured by
Intel and sold by Intel or its authorized distributors.  Please
refer to the applicable agreement for further details, at
https://fpgasoftware.intel.com/eula.



+-------------------------------------------------------------------------------+
; Flow Summary                                                                  ;
+---------------------------------+---------------------------------------------+
; Flow Status                     ; Successful - Mon Mar 23 10:26:10 2026       ;
; Quartus Prime Version           ; 20.1.0 Build 711 06/05/2020 SJ Lite Edition ;
; Revision Name                   ; aes_uart_top                                ;
; Top-level Entity Name           ; aes_uart_top                                ;
; Family                          ; Cyclone V                                   ;
; Device                          ; 5CGXFC9E6F35I7                              ;
; Timing Models                   ; Final                                       ;
; Logic utilization (in ALMs)     ; 5,394 / 113,560 ( 5 % )                     ;
; Total registers                 ; 3879                                        ;
; Total pins                      ; 395 / 616 ( 64 % )                          ;
; Total virtual pins              ; 0                                           ;
; Total block memory bits         ; 4,096 / 12,492,800 ( < 1 % )                ;
; Total DSP Blocks                ; 0 / 342 ( 0 % )                             ;
; Total HSSI RX PCSs              ; 0 / 12 ( 0 % )                              ;
; Total HSSI PMA RX Deserializers ; 0 / 12 ( 0 % )                              ;
; Total HSSI TX PCSs              ; 0 / 12 ( 0 % )                              ;
; Total HSSI PMA TX Serializers   ; 0 / 12 ( 0 % )                              ;
; Total PLLs                      ; 0 / 20 ( 0 % )                              ;
; Total DLLs                      ; 0 / 4 ( 0 % )                               ;
+---------------------------------+---------------------------------------------+


+-----------------------------------------+
; Flow Settings                           ;
+-------------------+---------------------+
; Option            ; Setting             ;
+-------------------+---------------------+
; Start date & time ; 03/21/2026 10:08:59 ;
; Main task         ; Compilation         ;
; Revision Name     ; aes_uart_top        ;
+-------------------+---------------------+


+-----------------------------------------------------------------------------------------------------------------------------------------------------------------------------------------------------+
; Flow Non-Default Global Settings                                                                                                                                                                    ;
+--------------------------------------+--------------------------------------------------------------------------------------------+---------------+-------------+-----------------------------------+
; Assignment Name                      ; Value                                                                                      ; Default Value ; Entity Name ; Section Id                        ;
+--------------------------------------+--------------------------------------------------------------------------------------------+---------------+-------------+-----------------------------------+
; COMPILER_SIGNATURE_ID                ; 256165217441163.177406793907434                                                            ; --            ; --          ; --                                ;
; EDA_DESIGN_INSTANCE_NAME             ; NA                                                                                         ; --            ; --          ; tb                                ;
; EDA_GENERATE_FUNCTIONAL_NETLIST      ; Off                                                                                        ; --            ; --          ; eda_board_design_timing           ;
; EDA_GENERATE_FUNCTIONAL_NETLIST      ; Off                                                                                        ; --            ; --          ; eda_board_design_boundary_scan    ;
; EDA_GENERATE_FUNCTIONAL_NETLIST      ; Off                                                                                        ; --            ; --          ; eda_board_design_signal_integrity ;
; EDA_GENERATE_FUNCTIONAL_NETLIST      ; Off                                                                                        ; --            ; --          ; eda_board_design_symbol           ;
; EDA_NATIVELINK_SIMULATION_TEST_BENCH ; tb                                                                                         ; --            ; --          ; eda_simulation                    ;
; EDA_OUTPUT_DATA_FORMAT               ; Verilog Hdl                                                                                ; --            ; --          ; eda_simulation                    ;
; EDA_SIMULATION_TOOL                  ; ModelSim-Altera (Verilog)                                                                  ; <None>        ; --          ; --                                ;
; EDA_TEST_BENCH_ENABLE_STATUS         ; TEST_BENCH_MODE                                                                            ; --            ; --          ; eda_simulation                    ;
; EDA_TEST_BENCH_FILE                  ; ../testbench/tb.v                                                                          ; --            ; --          ; tb                                ;
; EDA_TEST_BENCH_MODULE_NAME           ; tb                                                                                         ; --            ; --          ; tb                                ;
; EDA_TEST_BENCH_NAME                  ; tb                                                                                         ; --            ; --          ; eda_simulation                    ;
; EDA_TIME_SCALE                       ; 1 ps                                                                                       ; --            ; --          ; eda_simulation                    ;
; FLOW_ENABLE_POWER_ANALYZER           ; On                                                                                         ; Off           ; --          ; --                                ;
; MAX_CORE_JUNCTION_TEMP               ; 100                                                                                        ; --            ; --          ; --                                ;
; MIN_CORE_JUNCTION_TEMP               ; -40                                                                                        ; --            ; --          ; --                                ;
; PARTITION_COLOR                      ; -- (Not supported for targeted family)                                                     ; --            ; --          ; Top                               ;
; PARTITION_FITTER_PRESERVATION_LEVEL  ; -- (Not supported for targeted family)                                                     ; --            ; --          ; Top                               ;
; PARTITION_NETLIST_TYPE               ; -- (Not supported for targeted family)                                                     ; --            ; --          ; Top                               ;
; POWER_BOARD_THERMAL_MODEL            ; None (CONSERVATIVE)                                                                        ; --            ; --          ; --                                ;
; POWER_DEFAULT_INPUT_IO_TOGGLE_RATE   ; 12.5 %                                                                                     ; 12.5%         ; --          ; --                                ;
; POWER_INPUT_FILE_NAME                ; simulation/modelsim/aes_uart_top.vcd                                                       ; --            ; --          ; aes_uart_top.vcd                  ;
; POWER_OUTPUT_SAF_NAME                ; /home/maruthi/intelFPGA_lite/20.1/quartus/AES/TOP/simulation/modelsim/aes_uart_top.saf.saf ; --            ; --          ; --                                ;
; POWER_PRESET_COOLING_SOLUTION        ; 23 MM HEAT SINK WITH 200 LFPM AIRFLOW                                                      ; --            ; --          ; --                                ;
; POWER_USE_INPUT_FILES                ; On                                                                                         ; Off           ; --          ; --                                ;
; PROJECT_OUTPUT_DIRECTORY             ; output_files                                                                               ; --            ; --          ; --                                ;
+--------------------------------------+--------------------------------------------------------------------------------------------+---------------+-------------+-----------------------------------+


+------------------------------------------------------------------------------------------------------------------------------------------+
; Flow Elapsed Time                                                                                                                        ;
+--------------------------------------+--------------+-------------------------+---------------------+------------------------------------+
; Module Name                          ; Elapsed Time ; Average Processors Used ; Peak Virtual Memory ; Total CPU Time (on all processors) ;
+--------------------------------------+--------------+-------------------------+---------------------+------------------------------------+
; Analysis & Synthesis                 ; 00:00:18     ; 1.0                     ; 615 MB              ; 00:00:26                           ;
; Fitter                               ; 00:01:33     ; 1.4                     ; 3178 MB             ; 00:04:58                           ;
; Assembler                            ; 00:00:10     ; 1.0                     ; 573 MB              ; 00:00:10                           ;
; Power Analyzer                       ; 00:00:17     ; 1.9                     ; 1578 MB             ; 00:00:29                           ;
; Timing Analyzer                      ; 00:00:11     ; 3.9                     ; 1205 MB             ; 00:00:38                           ;
; EDA Netlist Writer                   ; 00:00:03     ; 1.0                     ; 760 MB              ; 00:00:03                           ;
; Power Analyzer                       ; 00:00:17     ; 1.9                     ; 1580 MB             ; 00:00:30                           ;
; Power Analyzer                       ; 00:00:01     ; 1.0                     ; 715 MB              ; 00:00:01                           ;
; Early Power Estimator File Generator ; 00:00:01     ; 1.0                     ; 715 MB              ; 00:00:01                           ;
; Power Analyzer                       ; 00:00:17     ; 1.9                     ; 1579 MB             ; 00:00:29                           ;
; Early Power Estimator File Generator ; 00:00:06     ; 1.0                     ; 1352 MB             ; 00:00:06                           ;
; Power Analyzer                       ; 00:00:16     ; 1.9                     ; 1575 MB             ; 00:00:28                           ;
; Early Power Estimator File Generator ; 00:00:04     ; 1.0                     ; 1348 MB             ; 00:00:05                           ;
; Power Analyzer                       ; 00:00:17     ; 2.0                     ; 1580 MB             ; 00:00:32                           ;
; Early Power Estimator File Generator ; 00:00:07     ; 1.0                     ; 1353 MB             ; 00:00:07                           ;
; Power Analyzer                       ; 00:00:17     ; 2.1                     ; 1579 MB             ; 00:00:32                           ;
; Early Power Estimator File Generator ; 00:00:04     ; 1.0                     ; 1352 MB             ; 00:00:05                           ;
; Power Analyzer                       ; 00:00:42     ; 1.4                     ; 1578 MB             ; 00:00:58                           ;
; Early Power Estimator File Generator ; 00:00:32     ; 1.0                     ; 1354 MB             ; 00:00:33                           ;
; Power Analyzer                       ; 00:00:42     ; 1.4                     ; 1581 MB             ; 00:00:58                           ;
; Power Analyzer                       ; 00:00:40     ; 1.5                     ; 1581 MB             ; 00:00:57                           ;
; Total                                ; 00:06:55     ; --                      ; --                  ; 00:13:06                           ;
+--------------------------------------+--------------+-------------------------+---------------------+------------------------------------+


+--------------------------------------------------------------------------------------------------------+
; Flow OS Summary                                                                                        ;
+--------------------------------------+------------------+----------------+------------+----------------+
; Module Name                          ; Machine Hostname ; OS Name        ; OS Version ; Processor type ;
+--------------------------------------+------------------+----------------+------------+----------------+
; Analysis & Synthesis                 ; maruthi          ; Ubuntu 22.04.5 ; 22         ; x86_64         ;
; Fitter                               ; maruthi          ; Ubuntu 22.04.5 ; 22         ; x86_64         ;
; Assembler                            ; maruthi          ; Ubuntu 22.04.5 ; 22         ; x86_64         ;
; Power Analyzer                       ; maruthi          ; Ubuntu 22.04.5 ; 22         ; x86_64         ;
; Timing Analyzer                      ; maruthi          ; Ubuntu 22.04.5 ; 22         ; x86_64         ;
; EDA Netlist Writer                   ; maruthi          ; Ubuntu 22.04.5 ; 22         ; x86_64         ;
; Power Analyzer                       ; maruthi          ; Ubuntu 22.04.5 ; 22         ; x86_64         ;
; Power Analyzer                       ; maruthi          ; Ubuntu 22.04.5 ; 22         ; x86_64         ;
; Early Power Estimator File Generator ; maruthi          ; Ubuntu 22.04.5 ; 22         ; x86_64         ;
; Power Analyzer                       ; maruthi          ; Ubuntu 22.04.5 ; 22         ; x86_64         ;
; Early Power Estimator File Generator ; maruthi          ; Ubuntu 22.04.5 ; 22         ; x86_64         ;
; Power Analyzer                       ; maruthi          ; Ubuntu 22.04.5 ; 22         ; x86_64         ;
; Early Power Estimator File Generator ; maruthi          ; Ubuntu 22.04.5 ; 22         ; x86_64         ;
; Power Analyzer                       ; maruthi          ; Ubuntu 22.04.5 ; 22         ; x86_64         ;
; Early Power Estimator File Generator ; maruthi          ; Ubuntu 22.04.5 ; 22         ; x86_64         ;
; Power Analyzer                       ; maruthi          ; Ubuntu 22.04.5 ; 22         ; x86_64         ;
; Early Power Estimator File Generator ; maruthi          ; Ubuntu 22.04.5 ; 22         ; x86_64         ;
; Power Analyzer                       ; maruthi          ; Ubuntu 22.04.5 ; 22         ; x86_64         ;
; Early Power Estimator File Generator ; maruthi          ; Ubuntu 22.04.5 ; 22         ; x86_64         ;
; Power Analyzer                       ; maruthi          ; Ubuntu 22.04.5 ; 22         ; x86_64         ;
; Power Analyzer                       ; maruthi          ; Ubuntu 22.04.5 ; 22         ; x86_64         ;
+--------------------------------------+------------------+----------------+------------+----------------+


------------
; Flow Log ;
------------
quartus_map --read_settings_files=on --write_settings_files=off AES -c aes_uart_top
quartus_fit --read_settings_files=off --write_settings_files=off AES -c aes_uart_top
quartus_asm --read_settings_files=off --write_settings_files=off AES -c aes_uart_top
quartus_pow --read_settings_files=off --write_settings_files=off AES -c aes_uart_top
quartus_sta AES -c aes_uart_top
quartus_eda --read_settings_files=off --write_settings_files=off AES -c aes_uart_top
quartus_pow --read_settings_files=on --write_settings_files=off AES -c aes_uart_top
quartus_pow --read_settings_files=on --write_settings_files=off AES -c aes_uart_top
quartus_pow --read_settings_files=on --write_settings_files=off AES -c aes_uart_top --estimate_power=off --output_epe=aes_uart_top_early_pwr.csv
quartus_pow --read_settings_files=on --write_settings_files=off AES -c aes_uart_top
quartus_pow --read_settings_files=on --write_settings_files=off AES -c aes_uart_top --estimate_power=off --output_epe=aes_uart_top_early_pwr.csv
quartus_pow --read_settings_files=on --write_settings_files=off AES -c aes_uart_top
quartus_pow --read_settings_files=on --write_settings_files=off AES -c aes_uart_top --estimate_power=off --output_epe=aes_uart_top_early_pwr.csv
quartus_pow --read_settings_files=on --write_settings_files=off AES -c aes_uart_top
quartus_pow --read_settings_files=on --write_settings_files=off AES -c aes_uart_top --estimate_power=off --output_epe=aes_uart_top_early_pwr.csv
quartus_pow --read_settings_files=on --write_settings_files=off AES -c aes_uart_top
quartus_pow --read_settings_files=on --write_settings_files=off AES -c aes_uart_top --estimate_power=off --output_epe=aes_uart_top_early_pwr.csv
quartus_pow --read_settings_files=on --write_settings_files=off AES -c aes_uart_top
quartus_pow --read_settings_files=on --write_settings_files=off AES -c aes_uart_top --estimate_power=off --output_epe=aes_uart_top_early_pwr.csv
quartus_pow --read_settings_files=on --write_settings_files=off AES -c aes_uart_top
quartus_pow --read_settings_files=on --write_settings_files=off AES -c aes_uart_top



