------------------------------------------------------------
Timing Analyzer Summary
------------------------------------------------------------

Type  : Slow 1100mV 100C Model Setup 'clk_100'
Slack : 1.215
TNS   : 0.000

Type  : Slow 1100mV 100C Model Setup 'clk_3125_tx'
Slack : 314.485
TNS   : 0.000

Type  : Slow 1100mV 100C Model Setup 'clk_3125_rx'
Slack : 315.310
TNS   : 0.000

Type  : Slow 1100mV 100C Model Hold 'clk_3125_rx'
Slack : 0.313
TNS   : 0.000

Type  : Slow 1100mV 100C Model Hold 'clk_3125_tx'
Slack : 0.351
TNS   : 0.000

Type  : Slow 1100mV 100C Model Hold 'clk_100'
Slack : 0.405
TNS   : 0.000

Type  : Slow 1100mV 100C Model Minimum Pulse Width 'clk_100'
Slack : 4.301
TNS   : 0.000

Type  : Slow 1100mV 100C Model Minimum Pulse Width 'clk_3125_tx'
Slack : 158.610
TNS   : 0.000

Type  : Slow 1100mV 100C Model Minimum Pulse Width 'clk_3125_rx'
Slack : 158.624
TNS   : 0.000

Type  : Slow 1100mV -40C Model Setup 'clk_100'
Slack : 1.130
TNS   : 0.000

Type  : Slow 1100mV -40C Model Setup 'clk_3125_tx'
Slack : 314.630
TNS   : 0.000

Type  : Slow 1100mV -40C Model Setup 'clk_3125_rx'
Slack : 315.487
TNS   : 0.000

Type  : Slow 1100mV -40C Model Hold 'clk_3125_rx'
Slack : 0.302
TNS   : 0.000

Type  : Slow 1100mV -40C Model Hold 'clk_3125_tx'
Slack : 0.331
TNS   : 0.000

Type  : Slow 1100mV -40C Model Hold 'clk_100'
Slack : 0.409
TNS   : 0.000

Type  : Slow 1100mV -40C Model Minimum Pulse Width 'clk_100'
Slack : 4.182
TNS   : 0.000

Type  : Slow 1100mV -40C Model Minimum Pulse Width 'clk_3125_tx'
Slack : 158.556
TNS   : 0.000

Type  : Slow 1100mV -40C Model Minimum Pulse Width 'clk_3125_rx'
Slack : 158.558
TNS   : 0.000

Type  : Fast 1100mV 100C Model Setup 'clk_100'
Slack : 5.264
TNS   : 0.000

Type  : Fast 1100mV 100C Model Setup 'clk_3125_tx'
Slack : 316.745
TNS   : 0.000

Type  : Fast 1100mV 100C Model Setup 'clk_3125_rx'
Slack : 317.077
TNS   : 0.000

Type  : Fast 1100mV 100C Model Hold 'clk_3125_rx'
Slack : 0.164
TNS   : 0.000

Type  : Fast 1100mV 100C Model Hold 'clk_100'
Slack : 0.178
TNS   : 0.000

Type  : Fast 1100mV 100C Model Hold 'clk_3125_tx'
Slack : 0.179
TNS   : 0.000

Type  : Fast 1100mV 100C Model Minimum Pulse Width 'clk_100'
Slack : 4.420
TNS   : 0.000

Type  : Fast 1100mV 100C Model Minimum Pulse Width 'clk_3125_rx'
Slack : 158.820
TNS   : 0.000

Type  : Fast 1100mV 100C Model Minimum Pulse Width 'clk_3125_tx'
Slack : 158.823
TNS   : 0.000

Type  : Fast 1100mV -40C Model Setup 'clk_100'
Slack : 5.962
TNS   : 0.000

Type  : Fast 1100mV -40C Model Setup 'clk_3125_tx'
Slack : 317.280
TNS   : 0.000

Type  : Fast 1100mV -40C Model Setup 'clk_3125_rx'
Slack : 317.594
TNS   : 0.000

Type  : Fast 1100mV -40C Model Hold 'clk_3125_rx'
Slack : 0.138
TNS   : 0.000

Type  : Fast 1100mV -40C Model Hold 'clk_3125_tx'
Slack : 0.164
TNS   : 0.000

Type  : Fast 1100mV -40C Model Hold 'clk_100'
Slack : 0.165
TNS   : 0.000

Type  : Fast 1100mV -40C Model Minimum Pulse Width 'clk_100'
Slack : 4.424
TNS   : 0.000

Type  : Fast 1100mV -40C Model Minimum Pulse Width 'clk_3125_rx'
Slack : 158.801
TNS   : 0.000

Type  : Fast 1100mV -40C Model Minimum Pulse Width 'clk_3125_tx'
Slack : 158.803
TNS   : 0.000

------------------------------------------------------------
